
> code-oss-dev@1.113.0 compile
> npm run gulp compile


> code-oss-dev@1.113.0 gulp
> node --max-old-space-size=8192 ./node_modules/gulp/bin/gulp.js compile

[[90m20:40:12[39m] Using gulpfile ~\Documents\NVCode\gulpfile.mjs
[[90m20:40:12[39m] Starting 'compile'...
[[90m20:40:12[39m] Starting [36mmonaco-typecheck[39m ...
[[90m20:40:12[39m] Starting [36mclean-out[39m ...
[[90m20:40:12[39m] Starting [36mclean-extension-configuration-editing[39m ...
[[90m20:40:12[39m] Starting [36mclean-extension-css-language-features-client[39m ...
[[90m20:40:12[39m] Starting [36mclean-extension-css-language-features-server[39m ...
[[90m20:40:12[39m] Starting [36mclean-extension-debug-auto-launch[39m ...
[[90m20:40:12[39m] Starting [36mclean-extension-debug-server-ready[39m ...
[[90m20:40:12[39m] Starting [36mclean-extension-emmet[39m ...
[[90m20:40:12[39m] Starting [36mclean-extension-extension-editing[39m ...
[[90m20:40:12[39m] Starting [36mclean-extension-git[39m ...
[[90m20:40:12[39m] Starting [36mclean-extension-git-base[39m ...
[[90m20:40:12[39m] Starting [36mclean-extension-github[39m ...
[[90m20:40:12[39m] Starting [36mclean-extension-github-authentication[39m ...
[[90m20:40:12[39m] Starting [36mclean-extension-grunt[39m ...
[[90m20:40:12[39m] Starting [36mclean-extension-gulp[39m ...
[[90m20:40:12[39m] Starting [36mclean-extension-html-language-features-client[39m ...
[[90m20:40:12[39m] Starting [36mclean-extension-html-language-features-server[39m ...
[[90m20:40:12[39m] Starting [36mclean-extension-ipynb[39m ...
[[90m20:40:12[39m] Starting [36mclean-extension-jake[39m ...
[[90m20:40:12[39m] Starting [36mclean-extension-json-language-features-client[39m ...
[[90m20:40:12[39m] Starting [36mclean-extension-json-language-features-server[39m ...
[[90m20:40:12[39m] Starting [36mclean-extension-markdown-language-features[39m ...
[[90m20:40:12[39m] Starting [36mclean-extension-markdown-math[39m ...
[[90m20:40:12[39m] Starting [36mclean-extension-media-preview[39m ...
[[90m20:40:12[39m] Starting [36mclean-extension-merge-conflict[39m ...
[[90m20:40:12[39m] Starting [36mclean-extension-mermaid-chat-features[39m ...
[[90m20:40:12[39m] Starting [36mclean-extension-terminal-suggest[39m ...
[[90m20:40:12[39m] Starting [36mclean-extension-microsoft-authentication[39m ...
[[90m20:40:12[39m] Starting [36mclean-extension-notebook-renderers[39m ...
[[90m20:40:12[39m] Starting [36mclean-extension-npm[39m ...
[[90m20:40:12[39m] Starting [36mclean-extension-php-language-features[39m ...
[[90m20:40:12[39m] Starting [36mclean-extension-references-view[39m ...
[[90m20:40:12[39m] Starting [36mclean-extension-search-result[39m ...
[[90m20:40:12[39m] Starting [36mclean-extension-simple-browser[39m ...
[[90m20:40:12[39m] Starting [36mclean-extension-tunnel-forwarding[39m ...
[[90m20:40:12[39m] Starting [36mclean-extension-typescript-language-features-web[39m ...
[[90m20:40:12[39m] Starting [36mclean-extension-typescript-language-features[39m ...
[[90m20:40:12[39m] Starting [36mclean-extension-vscode-api-tests[39m ...
[[90m20:40:12[39m] Starting [36mclean-extension-vscode-colorize-tests[39m ...
[[90m20:40:12[39m] Starting [36mclean-extension-vscode-colorize-perf-tests[39m ...
[[90m20:40:12[39m] Starting [36mclean-extension-vscode-test-resolver[39m ...
[[90m20:40:12[39m] Starting [36mclean-extension-vscode-selfhost-test-provider[39m ...
[[90m20:40:12[39m] Starting [36mclean-extension-vscode-selfhost-import-aid[39m ...
[[90m20:40:12[39m] Starting [36mclean-extension-vscode-extras[39m ...
[[90m20:40:12[39m] Starting [36mcompile-extension-media[39m ...
[[90m20:40:12[39m] Finished [36mmonaco-typecheck[39m after [35m195 ms[39m
[[90m20:40:13[39m] Finished [36mclean-extension-debug-auto-launch[39m after [35m757 ms[39m
[[90m20:40:13[39m] Starting [36mcompile-extension:debug-auto-launch[39m ...
[[90m20:40:13[39m] Finished [36mclean-extension-debug-server-ready[39m after [35m938 ms[39m
[[90m20:40:13[39m] Starting [36mcompile-extension:debug-server-ready[39m ...
[[90m20:40:13[39m] Finished [36mclean-extension-extension-editing[39m after [35m970 ms[39m
[[90m20:40:13[39m] Starting [36mcompile-extension:extension-editing[39m ...
[[90m20:40:13[39m] Finished [36mclean-extension-gulp[39m after [35m1102 ms[39m
[[90m20:40:13[39m] Starting [36mcompile-extension:gulp[39m ...
[[90m20:40:13[39m] Finished [36mclean-extension-grunt[39m after [35m1129 ms[39m
[[90m20:40:13[39m] Starting [36mcompile-extension:grunt[39m ...
[[90m20:40:13[39m] Finished [36mclean-extension-jake[39m after [35m1257 ms[39m
[[90m20:40:13[39m] Starting [36mcompile-extension:jake[39m ...
[[90m20:40:14[39m] Finished [36mclean-extension-markdown-math[39m after [35m1287 ms[39m
[[90m20:40:14[39m] Starting [36mcompile-extension:markdown-math[39m ...
[[90m20:40:14[39m] Finished [36mclean-extension-merge-conflict[39m after [35m1338 ms[39m
[[90m20:40:14[39m] Starting [36mcompile-extension:merge-conflict[39m ...
[[90m20:40:14[39m] Finished [36mclean-extension-tunnel-forwarding[39m after [35m1447 ms[39m
[[90m20:40:14[39m] Starting [36mcompile-extension:tunnel-forwarding[39m ...
[[90m20:40:14[39m] Finished [36mclean-extension-simple-browser[39m after [35m1526 ms[39m
[[90m20:40:14[39m] Starting [36mcompile-extension:simple-browser[39m ...
[[90m20:40:14[39m] Finished [36mclean-extension-typescript-language-features-web[39m after [35m1550 ms[39m
[[90m20:40:14[39m] Starting [36mcompile-extension:typescript-language-features-web[39m ...
[[90m20:40:14[39m] Finished [36mclean-extension-vscode-colorize-tests[39m after [35m1617 ms[39m
[[90m20:40:14[39m] Starting [36mcompile-extension:vscode-colorize-tests[39m ...
[[90m20:40:14[39m] Finished [36mclean-extension-vscode-colorize-perf-tests[39m after [35m1665 ms[39m
[[90m20:40:14[39m] Starting [36mcompile-extension:vscode-colorize-perf-tests[39m ...
[[90m20:40:14[39m] Finished [36mclean-extension-vscode-selfhost-import-aid[39m after [35m1742 ms[39m
[[90m20:40:14[39m] Starting [36mcompile-extension:vscode-selfhost-import-aid[39m ...
[[90m20:40:14[39m] Finished [36mclean-extension-vscode-selfhost-test-provider[39m after [35m1770 ms[39m
[[90m20:40:14[39m] Starting [36mcompile-extension:vscode-selfhost-test-provider[39m ...
[[90m20:40:14[39m] Finished [36mclean-extension-vscode-extras[39m after [35m1792 ms[39m
[[90m20:40:14[39m] Starting [36mcompile-extension:vscode-extras[39m ...
[[90m20:40:15[39m] Finished [36mclean-extension-configuration-editing[39m after [35m2662 ms[39m
[[90m20:40:15[39m] Starting [36mcompile-extension:configuration-editing[39m ...
[[90m20:40:15[39m] Finished [36mclean-extension-css-language-features-client[39m after [35m3011 ms[39m
[[90m20:40:15[39m] Starting [36mcompile-extension:css-language-features-client[39m ...
[[90m20:40:15[39m] Finished [36mclean-extension-css-language-features-server[39m after [35m3036 ms[39m
[[90m20:40:15[39m] Starting [36mcompile-extension:css-language-features-server[39m ...
[[90m20:40:15[39m] Finished [36mclean-extension-emmet[39m after [35m3063 ms[39m
[[90m20:40:15[39m] Starting [36mcompile-extension:emmet[39m ...
[[90m20:40:15[39m] Finished [36mclean-extension-git[39m after [35m3089 ms[39m
[[90m20:40:15[39m] Starting [36mcompile-extension:git[39m ...
[[90m20:40:15[39m] Finished [36mclean-extension-git-base[39m after [35m3264 ms[39m
[[90m20:40:15[39m] Starting [36mcompile-extension:git-base[39m ...
[[90m20:40:16[39m] Finished [36mclean-extension-github[39m after [35m3285 ms[39m
[[90m20:40:16[39m] Starting [36mcompile-extension:github[39m ...
[[90m20:40:16[39m] Finished [36mclean-extension-html-language-features-client[39m after [35m3307 ms[39m
[[90m20:40:16[39m] Starting [36mcompile-extension:html-language-features-client[39m ...
[[90m20:40:16[39m] Finished [36mclean-extension-ipynb[39m after [35m3660 ms[39m
[[90m20:40:16[39m] Starting [36mcompile-extension:ipynb[39m ...
[[90m20:40:16[39m] Finished [36mclean-extension-json-language-features-client[39m after [35m3687 ms[39m
[[90m20:40:16[39m] Starting [36mcompile-extension:json-language-features-client[39m ...
[[90m20:40:16[39m] Finished [36mclean-extension-json-language-features-server[39m after [35m4083 ms[39m
[[90m20:40:16[39m] Starting [36mcompile-extension:json-language-features-server[39m ...
[[90m20:40:16[39m] Finished [36mclean-extension-media-preview[39m after [35m4108 ms[39m
[[90m20:40:16[39m] Starting [36mcompile-extension:media-preview[39m ...
[[90m20:40:17[39m] Finished [36mclean-extension-mermaid-chat-features[39m after [35m4574 ms[39m
[[90m20:40:17[39m] Starting [36mcompile-extension:mermaid-chat-features[39m ...
[[90m20:40:17[39m] Finished [36mclean-extension-notebook-renderers[39m after [35m4937 ms[39m
[[90m20:40:17[39m] Starting [36mcompile-extension:notebook-renderers[39m ...
[[90m20:40:17[39m] Finished [36mclean-extension-npm[39m after [35m4959 ms[39m
[[90m20:40:17[39m] Starting [36mcompile-extension:npm[39m ...
[[90m20:40:17[39m] Finished [36mclean-extension-search-result[39m after [35m4980 ms[39m
[[90m20:40:17[39m] Starting [36mcompile-extension:search-result[39m ...
[[90m20:40:17[39m] Finished [36mclean-extension-references-view[39m after [35m5003 ms[39m
[[90m20:40:17[39m] Starting [36mcompile-extension:references-view[39m ...
[[90m20:40:17[39m] Finished [36mclean-extension-vscode-api-tests[39m after [35m5027 ms[39m
[[90m20:40:17[39m] Starting [36mcompile-extension:vscode-api-tests[39m ...
[[90m20:40:17[39m] Finished [36mclean-extension-vscode-test-resolver[39m after [35m5048 ms[39m
[[90m20:40:17[39m] Starting [36mcompile-extension:vscode-test-resolver[39m ...
[[90m20:40:18[39m] Finished [32mesbuilding extension media[39m C:\Users\fuent\Documents\NVCode\extensions\ipynb\esbuild.notebook.mts with 0 errors.
[[90m20:40:19[39m] Finished [36mclean-extension-github-authentication[39m after [35m6547 ms[39m
[[90m20:40:19[39m] Starting [36mcompile-extension:github-authentication[39m ...
[[90m20:40:19[39m] Finished [36mclean-extension-markdown-language-features[39m after [35m6797 ms[39m
[[90m20:40:19[39m] Starting [36mcompile-extension:markdown-language-features[39m ...
[[90m20:40:20[39m] Finished [36mclean-extension-terminal-suggest[39m after [35m7449 ms[39m
[[90m20:40:20[39m] Starting [36mcompile-extension:terminal-suggest[39m ...
[[90m20:40:20[39m] Finished [36mclean-extension-microsoft-authentication[39m after [35m7473 ms[39m
[[90m20:40:20[39m] Starting [36mcompile-extension:microsoft-authentication[39m ...
[[90m20:40:20[39m] Finished [36mclean-extension-php-language-features[39m after [35m7497 ms[39m
[[90m20:40:20[39m] Starting [36mcompile-extension:php-language-features[39m ...
[[90m20:40:20[39m] Finished [36mclean-extension-typescript-language-features[39m after [35m7527 ms[39m
[[90m20:40:20[39m] Starting [36mcompile-extension:typescript-language-features[39m ...
[[90m20:40:22[39m] Finished [36mclean-extension-html-language-features-server[39m after [35m9641 ms[39m
[[90m20:40:22[39m] Starting [36mcompile-extension:html-language-features-server[39m ...
[[90m20:40:26[39m] Finished [32mesbuilding extension media[39m C:\Users\fuent\Documents\NVCode\extensions\notebook-renderers\esbuild.notebook.mts with 0 errors.
[[90m20:40:26[39m] Finished [32mesbuilding extension media[39m C:\Users\fuent\Documents\NVCode\extensions\markdown-language-features\esbuild.webview.mts with 0 errors.
[[90m20:40:30[39m] Finished [32mesbuilding extension media[39m C:\Users\fuent\Documents\NVCode\extensions\simple-browser\esbuild.webview.mts with 0 errors.
[[90m20:40:32[39m] Finished [36mclean-out[39m after [35m19835 ms[39m
[[90m20:40:32[39m] Starting [36mcopy-codicons[39m ...
[[90m20:40:33[39m] Finished [36mcopy-codicons[39m after [35m875 ms[39m
[[90m20:40:33[39m] Starting [36mcompile-api-proposal-names[39m ...
[[90m20:40:33[39m] Starting [32mcompilation[39m[34m api-proposal-names[39m...
[[90m20:40:33[39m] Finished [32mesbuilding extension media[39m C:\Users\fuent\Documents\NVCode\extensions\markdown-math\esbuild.notebook.mts with 0 errors.
[[90m20:40:37[39m] Finished [32mesbuilding extension media[39m C:\Users\fuent\Documents\NVCode\extensions\markdown-language-features\esbuild.notebook.mts with 0 errors.
node.exe : (node:53792) [DEP0180] DeprecationWarning: fs.Stats constructor is deprecated.
En línea: 1 Carácter: 1
+ & "C:\Program Files\nodejs/node.exe" "C:\Program Files\nodejs/node_mo ...
+ ~~~~~~~~~~~~~~~~~~~~~~~~~~~~~~~~~~~~~~~~~~~~~~~~~~~~~~~~~~~~~~~~~~~~~
    + CategoryInfo          : NotSpecified: ((node:53792) [D... is deprecated.:String) [], RemoteException
    + FullyQualifiedErrorId : NativeCommandError
 
(Use `node --trace-deprecation ...` to show where the warning was created)
[[90m20:40:51[39m] Finished [32mcompilation[39m[34m api-proposal-names[39m with 0 errors after [35m18049 ms[39m
[[90m20:40:51[39m] Finished [36mcompile-api-proposal-names[39m after [35m18063 ms[39m
[[90m20:40:51[39m] Starting [36mcompile-extension-point-names[39m ...
[[90m20:40:51[39m] Starting [32mcompilation[39m[34m extension-point-names[39m...
[[90m20:41:00[39m] Finished [32mesbuilding extension media[39m C:\Users\fuent\Documents\NVCode\extensions\mermaid-chat-features\esbuild.webview.mts with 0 errors.
[[90m20:41:00[39m] Finished [36mcompile-extension-media[39m after [35m47525 ms[39m
[[90m20:42:54[39m] Finished [36mcompile-extension:php-language-features[39m after [35m153935 ms[39m
[[90m20:42:54[39m] Finished [36mcompile-extension:vscode-selfhost-import-aid[39m after [35m159952 ms[39m
[[90m20:42:54[39m] Finished [36mcompile-extension:vscode-colorize-tests[39m after [35m160078 ms[39m
[[90m20:42:54[39m] Finished [36mcompile-extension:markdown-math[39m after [35m160488 ms[39m
[[90m20:42:54[39m] Finished [36mcompile-extension:media-preview[39m after [35m157826 ms[39m
[[90m20:42:54[39m] Finished [36mcompile-extension:tunnel-forwarding[39m after [35m160645 ms[39m
[[90m20:42:54[39m] Finished [36mcompile-extension:simple-browser[39m after [35m160566 ms[39m
[[90m20:42:54[39m] Finished [36mcompile-extension:mermaid-chat-features[39m after [35m157612 ms[39m
[[90m20:42:54[39m] Finished [36mcompile-extension:merge-conflict[39m after [35m160849 ms[39m
[[90m20:42:55[39m] Finished [36mcompile-extension:extension-editing[39m after [35m161369 ms[39m
[[90m20:42:55[39m] Finished [36mcompile-extension:gulp[39m after [35m161305 ms[39m
[[90m20:42:55[39m] Finished [36mcompile-extension:vscode-extras[39m after [35m160608 ms[39m
[[90m20:42:55[39m] Finished [36mcompile-extension:grunt[39m after [35m161321 ms[39m
[[90m20:42:55[39m] Finished [36mcompile-extension:npm[39m after [35m157487 ms[39m
[[90m20:42:56[39m] Finished [36mcompile-extension:vscode-test-resolver[39m after [35m159155 ms[39m
[[90m20:42:57[39m] Finished [36mcompile-extension:search-result[39m after [35m159705 ms[39m
[[90m20:42:57[39m] Finished [36mcompile-extension:git-base[39m after [35m161551 ms[39m
[[90m20:42:57[39m] Finished [36mcompile-extension:github-authentication[39m after [35m158270 ms[39m
[[90m20:42:57[39m] Finished [36mcompile-extension:vscode-colorize-perf-tests[39m after [35m163213 ms[39m
[[90m20:42:57[39m] Finished [36mcompile-extension:emmet[39m after [35m161977 ms[39m
[[90m20:42:57[39m] Finished [36mcompile-extension:references-view[39m after [35m160141 ms[39m
[[90m20:42:57[39m] Finished [36mcompile-extension:debug-auto-launch[39m after [35m164494 ms[39m
[[90m20:42:58[39m] Finished [36mcompile-extension:json-language-features-client[39m after [35m162059 ms[39m
[[90m20:42:58[39m] Finished [36mcompile-extension:notebook-renderers[39m after [35m160977 ms[39m
[[90m20:42:58[39m] Finished [36mcompile-extension:ipynb[39m after [35m162563 ms[39m
[[90m20:42:59[39m] Finished [36mcompile-extension:css-language-features-client[39m after [35m163276 ms[39m
[[90m20:42:59[39m] Finished [36mcompile-extension:debug-server-ready[39m after [35m165672 ms[39m
[[90m20:42:59[39m] Finished [36mcompile-extension:typescript-language-features-web[39m after [35m165301 ms[39m
[[90m20:42:59[39m] Finished [36mcompile-extension:vscode-selfhost-test-provider[39m after [35m165428 ms[39m
[[90m20:43:00[39m] Finished [36mcompile-extension:json-language-features-server[39m after [35m163584 ms[39m
[[90m20:43:00[39m] Finished [36mcompile-extension:html-language-features-client[39m after [35m164426 ms[39m
[[90m20:43:00[39m] Finished [36mcompile-extension:jake[39m after [35m166842 ms[39m
[[90m20:43:01[39m] Finished [36mcompile-extension:css-language-features-server[39m after [35m165653 ms[39m
[[90m20:43:01[39m] Finished [36mcompile-extension:configuration-editing[39m after [35m166290 ms[39m
[[90m20:43:03[39m] Finished [36mcompile-extension:github[39m after [35m167078 ms[39m
[[90m20:43:04[39m] Finished [36mcompile-extension:html-language-features-server[39m after [35m161984 ms[39m
[[90m20:43:05[39m] Finished [36mcompile-extension:vscode-api-tests[39m after [35m167965 ms[39m
[[90m20:43:06[39m] Finished [36mcompile-extension:markdown-language-features[39m after [35m166566 ms[39m
[[90m20:43:06[39m] Finished [36mcompile-extension:git[39m after [35m170457 ms[39m
[[90m20:43:07[39m] Finished [36mcompile-extension:typescript-language-features[39m after [35m166870 ms[39m
[[90m20:43:12[39m] Finished [36mcompile-extension:microsoft-authentication[39m after [35m171840 ms[39m
[[90m20:43:13[39m] Finished [36mcompile-extension:terminal-suggest[39m after [35m173059 ms[39m
[[90m20:43:13[39m] Starting [36mcompile-extensions[39m ...
[[90m20:43:13[39m] Finished [36mcompile-extensions[39m after [35m0 ms[39m
[[90m20:43:57[39m] Finished [32mcompilation[39m[34m extension-point-names[39m with 0 errors after [35m185719 ms[39m
[[90m20:43:57[39m] Finished [36mcompile-extension-point-names[39m after [35m185724 ms[39m
[[90m20:43:57[39m] Starting [36mcompile-src[39m ...
[[90m20:44:35[39m] Starting [32mcompilation[39m...
